
> library(knitr)

> library(tidyr)

> library(dplyr)

Attaching package: ‘dplyr’

The following objects are masked from ‘package:stats’:

    filter, lag

The following objects are masked from ‘package:base’:

    intersect, setdiff, setequal, union


> library(whomds)
Loading required package: psych
Thank you for using whomds. To learn more about the WHO Model Disability Survey (MDS) and for contact information, go to https://www.who.int/health-topics/disability

> opts_chunk$set(warning = FALSE, message = FALSE, eval = FALSE, 
+     out.width = "80%", fig.align = "center", collapse = TRUE, 
+     comment = "#> ..." ... [TRUNCATED] 

> library(tidyverse)
── Attaching core tidyverse packages ──────────────────────── tidyverse 2.0.0 ──
✔ forcats   1.0.1     ✔ readr     2.2.0
✔ ggplot2   4.0.3     ✔ stringr   1.6.0
✔ lubridate 1.9.5     ✔ tibble    3.3.1
✔ purrr     1.2.2     
── Conflicts ────────────────────────────────────────── tidyverse_conflicts() ──
✖ ggplot2::%+%()   masks psych::%+%()
✖ ggplot2::alpha() masks psych::alpha()
✖ dplyr::filter()  masks stats::filter()
✖ dplyr::lag()     masks stats::lag()
ℹ Use the conflicted package (<http://conflicted.r-lib.org/>) to force all conflicts to become errors

> new_score <- read_csv("Data_final.csv") %>% select(c("ID", 
+     "rescaled"))

  When sourcing ‘c6_after_rasch_EN.R’:
Error: 'Data_final.csv' does not exist in current working directory:
'/private/var/folders/pf/y7w04dqn7jxf0gvp4d0kt0qm0000gn/T/Rtmposyhv1/file6cf261bd1abc/vignettes'.
Execution halted
