* using log directory ‘/Users/dti/Documents/GitHub/wrightmap/revdep/checks.noindex/whomds/new/whomds.Rcheck’
* using R version 4.6.1 (2026-06-24)
* using platform: aarch64-apple-darwin23
* R was compiled by
    Apple clang version 17.0.0 (clang-1700.3.19.1)
    GNU Fortran (GCC) 14.2.0
* running under: macOS Sequoia 15.7.7
* using session charset: UTF-8
* current time: 2026-08-23 11:35:41 UTC
* using options ‘--no-manual --no-build-vignettes’
* checking for file ‘whomds/DESCRIPTION’ ... OK
* checking extension type ... Package
* this is package ‘whomds’ version ‘1.1.1’
* package encoding: UTF-8
* checking package namespace information ... OK
* checking package dependencies ... OK
* checking if this is a source package ... OK
* checking if there is a namespace ... OK
* checking for executable files ... OK
* checking for hidden files and directories ... OK
* checking for portable file names ... OK
* checking for sufficient/correct file permissions ... OK
* checking whether package ‘whomds’ can be installed ... OK
* checking installed package size ... OK
* checking package directory ... OK
* checking ‘build’ directory ... OK
* checking DESCRIPTION meta-information ... OK
* checking top-level files ... OK
* checking for left-over files ... OK
* checking index information ... OK
* checking package subdirectories ... OK
* checking code files for non-ASCII characters ... OK
* checking R files for syntax errors ... OK
* checking whether the package can be loaded ... OK
* checking whether the package can be loaded with stated dependencies ... OK
* checking whether the package can be unloaded cleanly ... OK
* checking whether the namespace can be loaded with stated dependencies ... OK
* checking whether the namespace can be unloaded cleanly ... OK
* checking loading without being on the library search path ... OK
* checking whether startup messages can be suppressed ... OK
* checking dependencies in R code ... OK
* checking S3 generic/method consistency ... OK
* checking replacement functions ... OK
* checking foreign function calls ... OK
* checking R code for possible problems ... OK
* checking Rd files ... OK
* checking Rd metadata ... OK
* checking Rd cross-references ... OK
* checking for missing documentation entries ... OK
* checking for code/documentation mismatches ... OK
* checking Rd \usage sections ... OK
* checking Rd contents ... OK
* checking for unstated dependencies in examples ... OK
* checking contents of ‘data’ directory ... OK
* checking data for non-ASCII characters ... OK
* checking LazyData ... OK
* checking data for ASCII and uncompressed saves ... OK
* checking installed files from ‘inst/doc’ ... OK
* checking files in ‘vignettes’ ... OK
* checking examples ... OK
* checking for unstated dependencies in ‘tests’ ... OK
* checking tests ... OK
  Running ‘testthat.R’
* checking for unstated dependencies in vignettes ... OK
* checking package vignettes ... OK
* checking running R code from vignettes ... ERROR
Errors in running code in vignettes:
when running code in ‘c2_getting_started_EN.Rmd’
  ...
+     out.width = "80%", fig.align = "center", collapse = TRUE, 
+     comment = "#> ..." ... [TRUNCATED] 

> install.packages("whomds")
Installing package into ‘/Users/dti/Documents/GitHub/wrightmap/revdep/checks.noindex/whomds/new/whomds.Rcheck’
(as ‘lib’ is unspecified)

  When sourcing ‘c2_getting_started_EN.R’:
Error: trying to use CRAN without setting a mirror
Execution halted
when running code in ‘c2_getting_started_ES.Rmd’
  ...
+     out.width = "80%", fig.align = "center", collapse = TRUE, 
+     comment = "#> ..." ... [TRUNCATED] 

> install.packages("whomds")
Installing package into ‘/Users/dti/Documents/GitHub/wrightmap/revdep/checks.noindex/whomds/new/whomds.Rcheck’
(as ‘lib’ is unspecified)

  When sourcing ‘c2_getting_started_ES.R’:
Error: trying to use CRAN without setting a mirror
Execution halted
when running code in ‘c3_rasch_adults_EN.Rmd’
  ...
No documentation for ‘rasch_mds’ in specified packages and libraries:
you could try ‘??rasch_mds’

> rasch_mds(df = df_adults, vars_metric = paste0("EF", 
+     1:12), vars_id = "HHID", vars_DIF = c("sex", "age_cat"), 
+     resp_opts = 1:5, max_NA  .... [TRUNCATED] 

  When sourcing ‘c3_rasch_adults_EN.R’:
Error: could not find function "rasch_mds"
Execution halted
when running code in ‘c3_rasch_adults_ES.Rmd’
  ...
No documentation for ‘rasch_mds’ in specified packages and libraries:
you could try ‘??rasch_mds’

> rasch_mds(df = df_adults, vars_metric = paste0("EF", 
+     1:12), vars_id = "HHID", vars_DIF = c("sex", "age_cat"), 
+     resp_opts = 1:5, max_NA  .... [TRUNCATED] 

  When sourcing ‘c3_rasch_adults_ES.R’:
Error: could not find function "rasch_mds"
Execution halted
when running code in ‘c4_rasch_children_EN.Rmd’
  ...
No documentation for ‘rasch_mds_children’ in specified packages and libraries:
you could try ‘??rasch_mds_children’

> rasch_mds_children(df = df_children, vars_id = "HHID", 
+     vars_group = "age_cat", vars_metric_common = paste0("child", 
+         c(1:10)), vars .... [TRUNCATED] 

  When sourcing ‘c4_rasch_children_EN.R’:
Error: could not find function "rasch_mds_children"
Execution halted
when running code in ‘c4_rasch_children_ES.Rmd’
  ...
No documentation for ‘rasch_mds_children’ in specified packages and libraries:
you could try ‘??rasch_mds_children’

> rasch_mds_children(df = df_children, vars_id = "HHID", 
+     vars_group = "age_cat", vars_metric_common = paste0("child", 
+         c(1:10)), vars .... [TRUNCATED] 

  When sourcing ‘c4_rasch_children_ES.R’:
Error: could not find function "rasch_mds_children"
Execution halted
when running code in ‘c6_after_rasch_EN.Rmd’
  ...
✖ dplyr::lag()     masks stats::lag()
ℹ Use the conflicted package (<http://conflicted.r-lib.org/>) to force all conflicts to become errors

> new_score <- read_csv("Data_final.csv") %>% select(c("ID", 
+     "rescaled"))

  When sourcing ‘c6_after_rasch_EN.R’:
Error: 'Data_final.csv' does not exist in current working directory:
'/private/var/folders/pf/y7w04dqn7jxf0gvp4d0kt0qm0000gn/T/RtmpLXf1uZ/file6f5243cecd56/vignettes'.
Execution halted
when running code in ‘c6_after_rasch_ES.Rmd’
  ...
✖ dplyr::lag()     masks stats::lag()
ℹ Use the conflicted package (<http://conflicted.r-lib.org/>) to force all conflicts to become errors

> new_score <- read_csv("Data_final.csv") %>% select(c("ID", 
+     "rescaled"))

  When sourcing ‘c6_after_rasch_ES.R’:
Error: 'Data_final.csv' does not exist in current working directory:
'/private/var/folders/pf/y7w04dqn7jxf0gvp4d0kt0qm0000gn/T/RtmpxzOTd3/file6f5d44bc0a7c/vignettes'.
Execution halted

  ‘c1_background_EN.Rmd’ using ‘UTF-8’... OK
  ‘c1_background_ES.Rmd’ using ‘UTF-8’... OK
  ‘c2_getting_started_EN.Rmd’ using ‘UTF-8’... failed
  ‘c2_getting_started_ES.Rmd’ using ‘UTF-8’... failed
  ‘c3_rasch_adults_EN.Rmd’ using ‘UTF-8’... failed
  ‘c3_rasch_adults_ES.Rmd’ using ‘UTF-8’... failed
  ‘c4_rasch_children_EN.Rmd’ using ‘UTF-8’... failed
  ‘c4_rasch_children_ES.Rmd’ using ‘UTF-8’... failed
  ‘c5_best_practices_EN.Rmd’ using ‘UTF-8’... OK
  ‘c5_best_practices_ES.Rmd’ using ‘UTF-8’... OK
  ‘c6_after_rasch_EN.Rmd’ using ‘UTF-8’... failed
  ‘c6_after_rasch_ES.Rmd’ using ‘UTF-8’... failed
* checking re-building of vignette outputs ... SKIPPED
* DONE
Status: 1 ERROR
